object path entity ('myObject')
. ('.')
object path entity ('prop1')
. ('.')
object path entity ('prop2')
. ('.')
object path entity ('prop3')
. ('.')
object path entity ('prop4')
. ('.')
object path entity ('prop5')
WHITE_SPACE (' ')
< ('<')
WHITE_SPACE (' ')
object path entity ('otherObject')
. ('.')
object path entity ('prop')
WHITE_SPACE_WITH_NEW_LINE ('
')
. ('.')
object path entity ('10')
WHITE_SPACE (' ')
> ('>')
IGNORED_TEXT (' not.a.path')
WHITE_SPACE_WITH_NEW_LINE ('
')
object path entity ('9path')
. ('.')
BAD_CHARACTER ('%')
object path entity ('BAD_SYMBOL')
BAD_CHARACTER ('%')
. ('.')
object path entity ('prop')
WHITE_SPACE (' ')
< ('<')
WHITE_SPACE (' ')
object path entity ('not')
WHITE_SPACE (' ')
object path entity ('a')
WHITE_SPACE (' ')
object path entity ('path')
. ('.')
object path entity ('because')
. ('.')
object path entity ('of')
. ('.')
object path entity ('spaces')
WHITE_SPACE_WITH_NEW_LINE ('
')