object path entity ('value1')
:= (':=')
modification function ('addToList')
( ('(')
modification value ('4,5')
) (')')
WHITE_SPACE_WITH_NEW_LINE ('
')
object path entity ('value2')
:= (':=')
modification function ('addToList')
( ('(')
modification value ('4,5')
WHITE_SPACE_WITH_NEW_LINE ('
')
object path entity ('value3')
:= (':=')
( ('(')
WHITE_SPACE (' ')
modification value ('4 and some text')
WHITE_SPACE ('   ')
) (')')
WHITE_SPACE_WITH_NEW_LINE ('
')
object path entity ('value4')
BAD_CHARACTER (':')
WHITE_SPACE_WITH_NEW_LINE ('
')
object path entity ('value5')
:= (':=')
modification function ('add To My List')
WHITE_SPACE (' ')
( ('(')
WHITE_SPACE (' ')
modification value ('4,5')
) (')')
WHITE_SPACE_WITH_NEW_LINE ('
')
object path entity ('value6')
:= (':=')
modification function ('add To My List')
( ('(')
modification value ('4,5')
) (')')
IGNORED_TEXT ('  some IGNORED_TEXT')
WHITE_SPACE_WITH_NEW_LINE ('
')
object path entity ('value7')
BAD_CHARACTER (':')
WHITE_SPACE (' ')
object path entity ('addToList')
( ('(')
IGNORED_TEXT (' ,5)')