main.kt
open class <3>OpenClassWithFunctionWithDefaultParameter {
    open fun <4><5>doSmth(condition: Boolean = true) {}
}

class <6>ChildOfOpenClassWithFunctionWithDefaultParameter : OpenClassWithFunctionWithDefaultParameter() {
    override fun <7><8>doSmth(condition: Boolean) {}
}

fun <1><2>funWithDefaultParameter(a: Int, b: String = "abc") {}
