MainKt.class
public val kotlin.String.<1>exProp: kotlin.String /* compiled code */ /* hasBackingField: false */
    public final get() { /* compiled code */ }

public val <T> testData.libraries.Pair<T, T>.<3>exProp: kotlin.String /* compiled code */ /* hasBackingField: false */
 Pair.class
public final class Pair<A, B> public <2>constructor(first: A, second: B) {
