object path entity ('myObject')
WHITE_SPACE (' ')
= ('=')
WHITE_SPACE (' ')
assignment value ('[value 1]')
WHITE_SPACE_WITH_NEW_LINE ('
  ')
object path entity ('myObject')
. ('.')
object path entity ('myProperty')
WHITE_SPACE (' ')
= ('=')
WHITE_SPACE (' ')
assignment value ('<value 2>')
WHITE_SPACE_WITH_NEW_LINE ('
   ')
object path entity ('myObject')
. ('.')
object path entity ('myProperty')
. ('.')
object path entity ('firstProperty')
= ('=')
WHITE_SPACE (' ')
assignment value ('[value 3]')
WHITE_SPACE_WITH_NEW_LINE ('
')
object path entity ('myObject')
. ('.')
object path entity ('myProperty')
. ('.')
object path entity ('secondProperty')
WHITE_SPACE (' ')
= ('=')
WHITE_SPACE (' ')
assignment value ('[value 4]')
WHITE_SPACE_WITH_NEW_LINE ('

')
object path entity ('myObject')
. ('.')
object path entity ('myProperty')
WHITE_SPACE (' ')
= ('=')
WHITE_SPACE (' ')
assignment value ('{value 2 with [GLOBAL] anf other () provocations}')
WHITE_SPACE_WITH_NEW_LINE ('
')
object path entity ('myObject')
WHITE_SPACE (' ')
= ('=')
WHITE_SPACE (' ')
assignment value ('HTML')
WHITE_SPACE_WITH_NEW_LINE ('
')
object path entity ('myObject')
. ('.')
object path entity ('value')
WHITE_SPACE (' ')
= ('=')
WHITE_SPACE ('   ')
assignment value ('<strong> HTML - code </strong>')