OBJECT_PATH_ENTITY ('myObject')
WHITE_SPACE (' ')
ASSIGN ('=')
WHITE_SPACE (' ')
ASSIGNMENT_VALUE ('[value 1]')
WHITE_SPACE ('
  ')
OBJECT_PATH_ENTITY ('myObject')
OBJECT_PATH_SEPARATOR ('.')
OBJECT_PATH_ENTITY ('myProperty')
WHITE_SPACE (' ')
ASSIGN ('=')
WHITE_SPACE (' ')
ASSIGNMENT_VALUE ('<value 2>')
WHITE_SPACE ('
   ')
OBJECT_PATH_ENTITY ('myObject')
OBJECT_PATH_SEPARATOR ('.')
OBJECT_PATH_ENTITY ('myProperty')
OBJECT_PATH_SEPARATOR ('.')
OBJECT_PATH_ENTITY ('firstProperty')
ASSIGN ('=')
WHITE_SPACE (' ')
ASSIGNMENT_VALUE ('[value 3]')
WHITE_SPACE ('
')
OBJECT_PATH_ENTITY ('myObject')
OBJECT_PATH_SEPARATOR ('.')
OBJECT_PATH_ENTITY ('myProperty')
OBJECT_PATH_SEPARATOR ('.')
OBJECT_PATH_ENTITY ('secondProperty')
WHITE_SPACE (' ')
ASSIGN ('=')
WHITE_SPACE (' ')
ASSIGNMENT_VALUE ('[value 4]')
WHITE_SPACE ('

')
OBJECT_PATH_ENTITY ('myObject')
OBJECT_PATH_SEPARATOR ('.')
OBJECT_PATH_ENTITY ('myProperty')
WHITE_SPACE (' ')
ASSIGN ('=')
WHITE_SPACE (' ')
ASSIGNMENT_VALUE ('{value 2 with [GLOBAL] anf other () provocations}')
WHITE_SPACE ('
')
OBJECT_PATH_ENTITY ('myObject')
WHITE_SPACE (' ')
ASSIGN ('=')
WHITE_SPACE (' ')
ASSIGNMENT_VALUE ('HTML')
WHITE_SPACE ('
')
OBJECT_PATH_ENTITY ('myObject')
OBJECT_PATH_SEPARATOR ('.')
OBJECT_PATH_ENTITY ('value')
WHITE_SPACE (' ')
ASSIGN ('=')
WHITE_SPACE ('   ')
ASSIGNMENT_VALUE ('<strong> HTML - code </strong>')