OBJECT_PATH_ENTITY ('myObject')
WHITE_SPACE (' ')
CODE_BLOCK_OPEN ('{')
WHITE_SPACE ('
')
OBJECT_PATH_ENTITY ('field')
WHITE_SPACE (' ')
ASSIGN ('=')
WHITE_SPACE (' ')
ASSIGNMENT_VALUE ('title')
WHITE_SPACE ('
   ')
OBJECT_PATH_ENTITY ('ifEmpty')
WHITE_SPACE (' ')
CODE_BLOCK_OPEN ('{')
IGNORED_TEXT ('  IGNORED_TEXT')
WHITE_SPACE ('
       ')
OBJECT_PATH_ENTITY ('data')
WHITE_SPACE (' ')
ASSIGN ('=')
WHITE_SPACE (' ')
ASSIGNMENT_VALUE ('leveltitle:0  } bracket is ignored')
WHITE_SPACE ('
     ')
CONDITION ('[i = 5]')
WHITE_SPACE ('
    ')
CODE_BLOCK_CLOSE ('}')
IGNORED_TEXT ('    some IGNORED_TEXT')
WHITE_SPACE ('
')
CODE_BLOCK_CLOSE ('}')
WHITE_SPACE ('
')
CODE_BLOCK_CLOSE ('}')
IGNORED_TEXT (' this brace is also ignored by parser')
WHITE_SPACE ('

')
OBJECT_PATH_ENTITY ('second')
OBJECT_PATH_SEPARATOR ('.')
OBJECT_PATH_ENTITY ('object')
CODE_BLOCK_OPEN ('{')
WHITE_SPACE ('
')
IGNORED_TEXT ('{ ignored opening bracket')
WHITE_SPACE ('
 ')
OBJECT_PATH_SEPARATOR ('.')
OBJECT_PATH_ENTITY ('10')
WHITE_SPACE (' ')
ASSIGN ('=')
WHITE_SPACE (' ')
ASSIGNMENT_VALUE ('left')
WHITE_SPACE ('
 ')
OBJECT_PATH_ENTITY ('prop')
WHITE_SPACE (' ')
COPY ('<')
WHITE_SPACE (' ')
OBJECT_PATH_ENTITY ('test')
WHITE_SPACE ('
 ')
OBJECT_PATH_ENTITY ('text')
MULTILINE_OPEN ('(')
WHITE_SPACE ('
  ')
MULTILINE_VALUE ('} ignored bracket')
WHITE_SPACE ('
 ')
MULTILINE_CLOSE (')')
WHITE_SPACE ('
')
CODE_BLOCK_CLOSE ('}')
WHITE_SPACE ('

')
OBJECT_PATH_ENTITY ('third')
OBJECT_PATH_SEPARATOR ('.')
OBJECT_PATH_ENTITY ('object')
CODE_BLOCK_OPEN ('{')
WHITE_SPACE ('
  ')
OBJECT_PATH_ENTITY ('do')
OBJECT_PATH_SEPARATOR ('.')
OBJECT_PATH_ENTITY ('not')
OBJECT_PATH_SEPARATOR ('.')
OBJECT_PATH_ENTITY ('ignore')
CODE_BLOCK_OPEN ('{')
WHITE_SPACE ('
    ')
OBJECT_PATH_ENTITY ('i')
ASSIGN ('=')
ASSIGNMENT_VALUE ('5')
WHITE_SPACE ('
  ')
CODE_BLOCK_CLOSE ('}')
WHITE_SPACE ('
')
CODE_BLOCK_CLOSE ('}')