OBJECT_PATH_ENTITY ('myOtherObject')
WHITE_SPACE (' ')
COPY ('<')
WHITE_SPACE (' ')
OBJECT_PATH_ENTITY ('myObject')
WHITE_SPACE ('
')
OBJECT_PATH_ENTITY ('20')
WHITE_SPACE (' ')
COPY ('<')
WHITE_SPACE ('  ')
OBJECT_PATH_ENTITY ('pageObj')
OBJECT_PATH_SEPARATOR ('.')
OBJECT_PATH_ENTITY ('10')
WHITE_SPACE (' ')
OBJECT_PATH_ENTITY ('strange')
WHITE_SPACE (' ')
OBJECT_PATH_ENTITY ('text')
WHITE_SPACE ('
')
OBJECT_PATH_ENTITY ('30')
WHITE_SPACE (' ')
COPY ('<')
OBJECT_PATH_SEPARATOR ('.')
OBJECT_PATH_ENTITY ('10')