OBJECT_PATH_ENTITY ('myObject')
OBJECT_PATH_SEPARATOR ('.')
OBJECT_PATH_ENTITY ('prop1')
OBJECT_PATH_SEPARATOR ('.')
OBJECT_PATH_ENTITY ('prop2')
OBJECT_PATH_SEPARATOR ('.')
OBJECT_PATH_ENTITY ('prop3')
OBJECT_PATH_SEPARATOR ('.')
OBJECT_PATH_ENTITY ('prop4')
OBJECT_PATH_SEPARATOR ('.')
OBJECT_PATH_ENTITY ('prop5')
WHITE_SPACE (' ')
COPY ('<')
WHITE_SPACE (' ')
OBJECT_PATH_ENTITY ('otherObject')
OBJECT_PATH_SEPARATOR ('.')
OBJECT_PATH_ENTITY ('prop')
WHITE_SPACE_WITH_NEW_LINE ('
')
OBJECT_PATH_SEPARATOR ('.')
OBJECT_PATH_ENTITY ('10')
WHITE_SPACE (' ')
UNSET ('>')
IGNORED_TEXT (' not.a.path')
WHITE_SPACE_WITH_NEW_LINE ('
')
OBJECT_PATH_ENTITY ('9path')
OBJECT_PATH_SEPARATOR ('.')
BAD_CHARACTER ('%')
OBJECT_PATH_ENTITY ('BAD_SYMBOL')
BAD_CHARACTER ('%')
OBJECT_PATH_SEPARATOR ('.')
OBJECT_PATH_ENTITY ('prop')
WHITE_SPACE (' ')
COPY ('<')
WHITE_SPACE (' ')
OBJECT_PATH_ENTITY ('not')
WHITE_SPACE (' ')
OBJECT_PATH_ENTITY ('a')
WHITE_SPACE (' ')
OBJECT_PATH_ENTITY ('path')
OBJECT_PATH_SEPARATOR ('.')
OBJECT_PATH_ENTITY ('because')
OBJECT_PATH_SEPARATOR ('.')
OBJECT_PATH_ENTITY ('of')
OBJECT_PATH_SEPARATOR ('.')
OBJECT_PATH_ENTITY ('spaces')
WHITE_SPACE_WITH_NEW_LINE ('
')