WHITE_SPACE (' ')
OBJECT_PATH_ENTITY ('myObject')
WHITE_SPACE (' ')
UNSET ('>')
WHITE_SPACE ('
')
OBJECT_PATH_ENTITY ('object')
WHITE_SPACE (' ')
UNSET ('>')
IGNORED_TEXT (' some irrelevant text')
WHITE_SPACE ('
')
OBJECT_PATH_ENTITY ('nextObjext')
OBJECT_PATH_SEPARATOR ('.')
OBJECT_PATH_ENTITY ('secondProperty')
WHITE_SPACE (' ')
UNSET ('>')
IGNORED_TEXT (' [GLOBAL] {test=3} (value)')