OBJECT_PATH_ENTITY ('value1')
MODIFY (':=')
MODIFICATION_FUNCTION ('addToList')
MODIFICATION_OPEN ('(')
MODIFICATION_VALUE ('4,5')
MODIFICATION_CLOSE (')')
WHITE_SPACE ('
')
OBJECT_PATH_ENTITY ('value2')
MODIFY (':=')
MODIFICATION_FUNCTION ('addToList')
MODIFICATION_OPEN ('(')
MODIFICATION_VALUE ('4,5')
WHITE_SPACE ('
')
OBJECT_PATH_ENTITY ('value3')
MODIFY (':=')
MODIFICATION_OPEN ('(')
WHITE_SPACE (' ')
MODIFICATION_VALUE ('4 and some text')
WHITE_SPACE ('   ')
MODIFICATION_CLOSE (')')
WHITE_SPACE ('
')
OBJECT_PATH_ENTITY ('value4')
BAD_CHARACTER (':')
WHITE_SPACE ('
')
OBJECT_PATH_ENTITY ('value5')
MODIFY (':=')
MODIFICATION_FUNCTION ('add To My List')
WHITE_SPACE (' ')
MODIFICATION_OPEN ('(')
WHITE_SPACE (' ')
MODIFICATION_VALUE ('4,5')
MODIFICATION_CLOSE (')')
WHITE_SPACE ('
')
OBJECT_PATH_ENTITY ('value6')
MODIFY (':=')
MODIFICATION_FUNCTION ('add To My List')
MODIFICATION_OPEN ('(')
MODIFICATION_VALUE ('4,5')
MODIFICATION_CLOSE (')')
IGNORED_TEXT ('  some IGNORED_TEXT')
WHITE_SPACE ('
')
OBJECT_PATH_ENTITY ('value7')
BAD_CHARACTER (':')
WHITE_SPACE (' ')
OBJECT_PATH_ENTITY ('addToList')
MULTILINE_OPEN ('(')
IGNORED_TEXT (' ,5)')